// Jest Snapshot v1, https://goo.gl/fbAQLP

exports[`ComponentCreateList should match snapshot 1`] = `
<DocumentFragment>
  <div
    class="govuk-form-group component-create__list"
    data-testid="component-create-list"
  >
    <h1
      class="govuk-hint"
    >
      Select a component to add to your page. If your page has only one component, the component title does not show on the page. To name or describe the component, use the page title instead.
    </h1>
    <ol
      class="govuk-list"
    >
      <li
        class="component-create__list__item"
      >
        <h2
          class="govuk-heading-s"
        >
          Content
        </h2>
        <div
          class="govuk-hint"
        >
          Content components allow you to add information to your page
        </div>
        <ol
          class="govuk-list"
        >
          <li>
            <p
              class="govuk-body govuk-!-margin-bottom-2"
            >
              <a
                class="govuk-link"
                href="#0"
              >
                Details
              </a>
            </p>
            <div
              class="govuk-hint govuk-!-margin-top-2"
            >
              An expandable title that lets users reveal more detailed information only if they need it
            </div>
          </li>
          <li>
            <p
              class="govuk-body govuk-!-margin-bottom-2"
            >
              <a
                class="govuk-link"
                href="#0"
              >
                Guidance
              </a>
            </p>
            <div
              class="govuk-hint govuk-!-margin-top-2"
            >
              A block of text that you can apply basic HTML to, such as text formatting and hyperlinks
            </div>
          </li>
          <li>
            <p
              class="govuk-body govuk-!-margin-bottom-2"
            >
              <a
                class="govuk-link"
                href="#0"
              >
                Inset text
              </a>
            </p>
            <div
              class="govuk-hint govuk-!-margin-top-2"
            >
              A block of text that differentiates it from surrounding content, for example for quotes
            </div>
          </li>
          <li>
            <p
              class="govuk-body govuk-!-margin-bottom-2"
            >
              <a
                class="govuk-link"
                href="#0"
              >
                List
              </a>
            </p>
            <div
              class="govuk-hint govuk-!-margin-top-2"
            >
              A series of bullet points
            </div>
          </li>
        </ol>
        <hr
          class="govuk-section-break govuk-section-break--m govuk-section-break--visible"
        />
      </li>
      <li
        class="component-create__list__item"
      >
        <h2
          class="govuk-heading-s"
        >
          Input fields
        </h2>
        <div
          class="govuk-hint"
        >
          Input fields allow you to ask users to enter information
        </div>
        <ol
          class="govuk-list"
        >
          <li>
            <p
              class="govuk-body govuk-!-margin-bottom-2"
            >
              <a
                class="govuk-link"
                href="#0"
              >
                Date
              </a>
            </p>
            <div
              class="govuk-hint govuk-!-margin-top-2"
            >
              Allows users to manually enter a day, month and year
            </div>
          </li>
          <li>
            <p
              class="govuk-body govuk-!-margin-bottom-2"
            >
              <a
                class="govuk-link"
                href="#0"
              >
                Email address
              </a>
            </p>
            <div
              class="govuk-hint govuk-!-margin-top-2"
            >
              A text box that users can enter an email address into
            </div>
          </li>
          <li>
            <p
              class="govuk-body govuk-!-margin-bottom-2"
            >
              <a
                class="govuk-link"
                href="#0"
              >
                Month & year
              </a>
            </p>
            <div
              class="govuk-hint govuk-!-margin-top-2"
            >
              Allows users to manually enter a month and year
            </div>
          </li>
          <li>
            <p
              class="govuk-body govuk-!-margin-bottom-2"
            >
              <a
                class="govuk-link"
                href="#0"
              >
                Textarea
              </a>
            </p>
            <div
              class="govuk-hint govuk-!-margin-top-2"
            >
              A text box for users to enter multiple lines of text into, for example as 'Additional info'
            </div>
          </li>
          <li>
            <p
              class="govuk-body govuk-!-margin-bottom-2"
            >
              <a
                class="govuk-link"
                href="#0"
              >
                Number
              </a>
            </p>
            <div
              class="govuk-hint govuk-!-margin-top-2"
            >
              A text box that users can only enter numbers into
            </div>
          </li>
          <li>
            <p
              class="govuk-body govuk-!-margin-bottom-2"
            >
              <a
                class="govuk-link"
                href="#0"
              >
                Telephone number
              </a>
            </p>
            <div
              class="govuk-hint govuk-!-margin-top-2"
            >
              A text box that users can enter numbers and some symbols into, such as '+'
            </div>
          </li>
          <li>
            <p
              class="govuk-body govuk-!-margin-bottom-2"
            >
              <a
                class="govuk-link"
                href="#0"
              >
                Text input
              </a>
            </p>
            <div
              class="govuk-hint govuk-!-margin-top-2"
            >
              A text box that users can enter letters, numbers and symbols into
            </div>
          </li>
          <li>
            <p
              class="govuk-body govuk-!-margin-bottom-2"
            >
              <a
                class="govuk-link"
                href="#0"
              >
                UK address
              </a>
            </p>
            <div
              class="govuk-hint govuk-!-margin-top-2"
            >
              Allows users to enter their street address, town or city and postcode
            </div>
          </li>
        </ol>
        <hr
          class="govuk-section-break govuk-section-break--m govuk-section-break--visible"
        />
      </li>
      <li
        class="component-create__list__item"
      >
        <h2
          class="govuk-heading-s"
        >
          Selection fields
        </h2>
        <div
          class="govuk-hint"
        >
          Selection fields allow you to provide lists of answers for users to choose from
        </div>
        <ol
          class="govuk-list"
        >
          <li>
            <p
              class="govuk-body govuk-!-margin-bottom-2"
            >
              <a
                class="govuk-link"
                href="#0"
              >
                Autocomplete
              </a>
            </p>
            <div
              class="govuk-hint govuk-!-margin-top-2"
            >
              Sets a list of values to suggest to users as they complete this field
            </div>
          </li>
          <li>
            <p
              class="govuk-body govuk-!-margin-bottom-2"
            >
              <a
                class="govuk-link"
                href="#0"
              >
                Checkboxes
              </a>
            </p>
            <div
              class="govuk-hint govuk-!-margin-top-2"
            >
              A list for users to select multiple answers
            </div>
          </li>
          <li>
            <p
              class="govuk-body govuk-!-margin-bottom-2"
            >
              <a
                class="govuk-link"
                href="#0"
              >
                Radios
              </a>
            </p>
            <div
              class="govuk-hint govuk-!-margin-top-2"
            >
              A list for users to select one answer
            </div>
          </li>
          <li>
            <p
              class="govuk-body govuk-!-margin-bottom-2"
            >
              <a
                class="govuk-link"
                href="#0"
              >
                Select
              </a>
            </p>
            <div
              class="govuk-hint govuk-!-margin-top-2"
            >
              A drop-down list for users to select one answer
            </div>
          </li>
          <li>
            <p
              class="govuk-body govuk-!-margin-bottom-2"
            >
              <a
                class="govuk-link"
                href="#0"
              >
                YesNo
              </a>
            </p>
            <div
              class="govuk-hint govuk-!-margin-top-2"
            >
              Allows users to answer either 'Yes' or 'No'
            </div>
          </li>
        </ol>
      </li>
    </ol>
  </div>
</DocumentFragment>
`;
