// Jest Snapshot v1, https://goo.gl/fbAQLP

exports[`ComponentCreateList should match snapshot 1`] = `
<DocumentFragment>
  <div
    class="govuk-form-group"
  >
    <div
      class="govuk-hint"
    >
      Select a component to add to your page. If your page has only one component, the component title does not show on the page. To name or describe the component, use the page title instead.
    </div>
    <ol
      class="govuk-list"
    >
      <li>
        <h3
          class="govuk-heading-s govuk-!-margin-bottom-1"
        >
          Content
        </h3>
        <p
          class="govuk-body"
        >
          Content components allow you to add information to your page.
        </p>
        <ol
          class="govuk-list"
        >
          <li>
            <p
              class="govuk-body govuk-!-margin-bottom-2"
            >
              <button
                class="govuk-link"
                role="link"
                type="button"
              >
                Details
              </button>
            </p>
            <div
              class="govuk-hint govuk-!-margin-top-2"
            >
              An expandable title that lets users reveal more detailed information only if they need it
            </div>
          </li>
          <li>
            <p
              class="govuk-body govuk-!-margin-bottom-2"
            >
              <button
                class="govuk-link"
                role="link"
                type="button"
              >
                Guidance
              </button>
            </p>
            <div
              class="govuk-hint govuk-!-margin-top-2"
            >
              A block of text that you can apply basic HTML to, such as text formatting and hyperlinks
            </div>
          </li>
          <li>
            <p
              class="govuk-body govuk-!-margin-bottom-2"
            >
              <button
                class="govuk-link"
                role="link"
                type="button"
              >
                Inset text
              </button>
            </p>
            <div
              class="govuk-hint govuk-!-margin-top-2"
            >
              A block of text that differentiates it from surrounding content, for example for quotes
            </div>
          </li>
          <li>
            <p
              class="govuk-body govuk-!-margin-bottom-2"
            >
              <button
                class="govuk-link"
                role="link"
                type="button"
              >
                List
              </button>
            </p>
            <div
              class="govuk-hint govuk-!-margin-top-2"
            >
              A series of bullet points
            </div>
          </li>
        </ol>
        <hr
          class="govuk-section-break govuk-section-break--m govuk-section-break--visible"
        />
      </li>
      <li>
        <h3
          class="govuk-heading-s govuk-!-margin-bottom-1"
        >
          Input
        </h3>
        <p
          class="govuk-body"
        >
          Input fields allow you to ask users to enter information.
        </p>
        <ol
          class="govuk-list"
        >
          <li>
            <p
              class="govuk-body govuk-!-margin-bottom-2"
            >
              <button
                class="govuk-link"
                role="link"
                type="button"
              >
                Date
              </button>
            </p>
            <div
              class="govuk-hint govuk-!-margin-top-2"
            >
              Allows users to manually enter a day, month and year
            </div>
          </li>
          <li>
            <p
              class="govuk-body govuk-!-margin-bottom-2"
            >
              <button
                class="govuk-link"
                role="link"
                type="button"
              >
                Email address
              </button>
            </p>
            <div
              class="govuk-hint govuk-!-margin-top-2"
            >
              A text box that users can enter an email address into
            </div>
          </li>
          <li>
            <p
              class="govuk-body govuk-!-margin-bottom-2"
            >
              <button
                class="govuk-link"
                role="link"
                type="button"
              >
                Month & year
              </button>
            </p>
            <div
              class="govuk-hint govuk-!-margin-top-2"
            >
              Allows users to manually enter a month and year
            </div>
          </li>
          <li>
            <p
              class="govuk-body govuk-!-margin-bottom-2"
            >
              <button
                class="govuk-link"
                role="link"
                type="button"
              >
                Textarea
              </button>
            </p>
            <div
              class="govuk-hint govuk-!-margin-top-2"
            >
              A text box for users to enter multiple lines of text into, for example as 'Additional info'
            </div>
          </li>
          <li>
            <p
              class="govuk-body govuk-!-margin-bottom-2"
            >
              <button
                class="govuk-link"
                role="link"
                type="button"
              >
                Number
              </button>
            </p>
            <div
              class="govuk-hint govuk-!-margin-top-2"
            >
              A text box that users can only enter numbers into
            </div>
          </li>
          <li>
            <p
              class="govuk-body govuk-!-margin-bottom-2"
            >
              <button
                class="govuk-link"
                role="link"
                type="button"
              >
                Telephone number
              </button>
            </p>
            <div
              class="govuk-hint govuk-!-margin-top-2"
            >
              A text box that users can enter numbers and some symbols into, such as '+'
            </div>
          </li>
          <li>
            <p
              class="govuk-body govuk-!-margin-bottom-2"
            >
              <button
                class="govuk-link"
                role="link"
                type="button"
              >
                Text input
              </button>
            </p>
            <div
              class="govuk-hint govuk-!-margin-top-2"
            >
              A text box that users can enter letters, numbers and symbols into
            </div>
          </li>
          <li>
            <p
              class="govuk-body govuk-!-margin-bottom-2"
            >
              <button
                class="govuk-link"
                role="link"
                type="button"
              >
                UK address
              </button>
            </p>
            <div
              class="govuk-hint govuk-!-margin-top-2"
            >
              Allows users to enter their street address, town or city and postcode
            </div>
          </li>
        </ol>
        <hr
          class="govuk-section-break govuk-section-break--m govuk-section-break--visible"
        />
      </li>
      <li>
        <h3
          class="govuk-heading-s govuk-!-margin-bottom-1"
        >
          Selection
        </h3>
        <p
          class="govuk-body"
        >
          Selection fields allow you to provide lists of answers for users to choose from.
        </p>
        <ol
          class="govuk-list"
        >
          <li>
            <p
              class="govuk-body govuk-!-margin-bottom-2"
            >
              <button
                class="govuk-link"
                role="link"
                type="button"
              >
                Autocomplete
              </button>
            </p>
            <div
              class="govuk-hint govuk-!-margin-top-2"
            >
              Sets a list of values to suggest to users as they complete this field
            </div>
          </li>
          <li>
            <p
              class="govuk-body govuk-!-margin-bottom-2"
            >
              <button
                class="govuk-link"
                role="link"
                type="button"
              >
                Checkboxes
              </button>
            </p>
            <div
              class="govuk-hint govuk-!-margin-top-2"
            >
              A list for users to select multiple answers
            </div>
          </li>
          <li>
            <p
              class="govuk-body govuk-!-margin-bottom-2"
            >
              <button
                class="govuk-link"
                role="link"
                type="button"
              >
                Radios
              </button>
            </p>
            <div
              class="govuk-hint govuk-!-margin-top-2"
            >
              A list for users to select one answer
            </div>
          </li>
          <li>
            <p
              class="govuk-body govuk-!-margin-bottom-2"
            >
              <button
                class="govuk-link"
                role="link"
                type="button"
              >
                Select
              </button>
            </p>
            <div
              class="govuk-hint govuk-!-margin-top-2"
            >
              A drop-down list for users to select one answer
            </div>
          </li>
          <li>
            <p
              class="govuk-body govuk-!-margin-bottom-2"
            >
              <button
                class="govuk-link"
                role="link"
                type="button"
              >
                YesNo
              </button>
            </p>
            <div
              class="govuk-hint govuk-!-margin-top-2"
            >
              Allows users to answer either 'Yes' or 'No'
            </div>
          </li>
        </ol>
      </li>
    </ol>
  </div>
</DocumentFragment>
`;
